17:58:39.754 ERROR com.test.calendar.CalendarTest1_2 25 test - hello error
